Structure for TestFileDump.testDump.orc
File Version: 0.12 with ORC_135
Rows: 21000
Compression: ZLIB
Compression size: 4096
Type: struct<i:int,l:bigint,s:string>

Stripe Statistics:
  Stripe 1:
    Column 0: count: 5000 hasNull: false
    Column 1: count: 5000 hasNull: false min: -2147115959 max: 2145911404 sum: 159677169195
    Column 2: count: 5000 hasNull: false min: -9216505819108477308 max: 9217851628057711416
    Column 3: count: 5000 hasNull: false min: Darkness,-230 max: worst-54-290-346-648-908-996-1038-1080-1560-1584-1620-1744-1770-1798-1852-1966-2162-2244-2286-2296-2534-2660-3114-3676-3788-4068-4150-4706-4744 sum: 381254
  Stripe 2:
    Column 0: count: 5000 hasNull: false
    Column 1: count: 5000 hasNull: false min: -2147390285 max: 2147224606 sum: -14961457759
    Column 2: count: 5000 hasNull: false min: -9222178666167296739 max: 9221301751385928177
    Column 3: count: 5000 hasNull: false min: Darkness,-230-368-488-586-862-930-1686-2044-2636-2652-2872-3108-3162-3192-3404-3442-3508-3542-3550-3712-3980-4146-4204-4336-4390-4418-4424-4490-4512-4650-4768-4924-4950-5210 max: worst-54-290-346-648-908-996-1038-1080-1560-1584-1620-1744-1770-1798-1852-1966-2162-2244-2286-2296-2534-2660-3114-3676-3788-4068-4150-4706-4744-5350-5420-5582-5696-5726-6006-6020-6024-6098-6184-6568-6636-6802-6994-7004-7318-7498-7758-7780-7798-7920-7952-7960-7988-8232-8256-8390-8416-8478-8620-8840-8984-9038-9128-9236-9248-9344-9594-9650-9714-9928-9938 sum: 1117994
  Stripe 3:
    Column 0: count: 5000 hasNull: false
    Column 1: count: 5000 hasNull: false min: -2145842720 max: 2146718321 sum: 141092475520
    Column 2: count: 5000 hasNull: false min: -9221963099397084326 max: 9222722740629726770
    Column 3: count: 5000 hasNull: false min: Darkness,-230-368-488-586-862-930-1686-2044-2636-2652-2872-3108-3162-3192-3404-3442-3508-3542-3550-3712-3980-4146-4204-4336-4390-4418-4424-4490-4512-4650-4768-4924-4950-5210-5524-5630-5678-5710-5758-5952-6238-6252-6300-6366-6668-6712-6926-6942-7100-7194-7802-8030-8452-8608-8640-8862-8868-9134-9234-9412-9602-9608-9642-9678-9740-9780-10426 max: worst-54-290-346-648-908-996-1038-1080-1560-1584-1620-1744-1770-1798-1852-1966-2162-2244-2286-2296-2534-2660-3114-3676-3788-4068-4150-4706-4744-5350-5420-5582-5696-5726-6006-6020-6024-6098-6184-6568-6636-6802-6994-7004-7318-7498-7758-7780-7798-7920-7952-7960-7988-8232-8256-8390-8416-8478-8620-8840-8984-9038-9128-9236-9248-9344-9594-9650-9714-9928-9938-10178-10368-10414-10502-10732-10876-11008-11158-11410-11722-11836-11964-12054-12096-12126-12136-12202-12246-12298-12616-12774-12782-12790-12802-12976-13216-13246-13502-13766-14454-14974 sum: 1925226
  Stripe 4:
    Column 0: count: 5000 hasNull: false
    Column 1: count: 5000 hasNull: false min: -2145378214 max: 2147453086 sum: -153680004530
    Column 2: count: 5000 hasNull: false min: -9222731174895935707 max: 9222919052987871506
    Column 3: count: 5000 hasNull: false min: Darkness,-230-368-488-586-862-930-1686-2044-2636-2652-2872-3108-3162-3192-3404-3442-3508-3542-3550-3712-3980-4146-4204-4336-4390-4418-4424-4490-4512-4650-4768-4924-4950-5210-5524-5630-5678-5710-5758-5952-6238-6252-6300-6366-6668-6712-6926-6942-7100-7194-7802-8030-8452-8608-8640-8862-8868-9134-9234-9412-9602-9608-9642-9678-9740-9780-10426-10510-10514-10706-10814-10870-10942-11028-11244-11326-11462-11496-11656-11830-12022-12178-12418-12832-13304-13448-13590-13618-13908-14188-14246-14340-14364-14394-14762-14850-14964-15048 max: worst-54-290-346-648-908-996-1038-1080-1560-1584-1620-1744-1770-1798-1852-1966-2162-2244-2286-2296-2534-2660-3114-3676-3788-4068-4150-4706-4744-5350-5420-5582-5696-5726-6006-6020-6024-6098-6184-6568-6636-6802-6994-7004-7318-7498-7758-7780-7798-7920-7952-7960-7988-8232-8256-8390-8416-8478-8620-8840-8984-9038-9128-9236-9248-9344-9594-9650-9714-9928-9938-10178-10368-10414-10502-10732-10876-11008-11158-11410-11722-11836-11964-12054-12096-12126-12136-12202-12246-12298-12616-12774-12782-12790-12802-12976-13216-13246-13502-13766-14454-14974-15004-15124-15252-15294-15356-15530-15610-16316-16936-17024-17122-17214-17310-17528-17682-17742-17870-17878-18010-18410-18524-18788-19204-19254-19518-19596-19786-19874-19904 sum: 2815002
  Stripe 5:
    Column 0: count: 1000 hasNull: false
    Column 1: count: 1000 hasNull: false min: -2143595397 max: 2136858458 sum: -22999664100
    Column 2: count: 1000 hasNull: false min: -9212379634781416464 max: 9197412874152820822
    Column 3: count: 1000 hasNull: false min: Darkness,-230-368-488-586-862-930-1686-2044-2636-2652-2872-3108-3162-3192-3404-3442-3508-3542-3550-3712-3980-4146-4204-4336-4390-4418-4424-4490-4512-4650-4768-4924-4950-5210-5524-5630-5678-5710-5758-5952-6238-6252-6300-6366-6668-6712-6926-6942-7100-7194-7802-8030-8452-8608-8640-8862-8868-9134-9234-9412-9602-9608-9642-9678-9740-9780-10426-10510-10514-10706-10814-10870-10942-11028-11244-11326-11462-11496-11656-11830-12022-12178-12418-12832-13304-13448-13590-13618-13908-14188-14246-14340-14364-14394-14762-14850-14964-15048-15494-15674-15726-16006-16056-16180-16304-16332-16452-16598-16730-16810-16994-17210-17268-17786-17962-18214-18444-18446-18724-18912-18952-19164-19348-19400-19546-19776-19896-20084 max: worst-54-290-346-648-908-996-1038-1080-1560-1584-1620-1744-1770-1798-1852-1966-2162-2244-2286-2296-2534-2660-3114-3676-3788-4068-4150-4706-4744-5350-5420-5582-5696-5726-6006-6020-6024-6098-6184-6568-6636-6802-6994-7004-7318-7498-7758-7780-7798-7920-7952-7960-7988-8232-8256-8390-8416-8478-8620-8840-8984-9038-9128-9236-9248-9344-9594-9650-9714-9928-9938-10178-10368-10414-10502-10732-10876-11008-11158-11410-11722-11836-11964-12054-12096-12126-12136-12202-12246-12298-12616-12774-12782-12790-12802-12976-13216-13246-13502-13766-14454-14974-15004-15124-15252-15294-15356-15530-15610-16316-16936-17024-17122-17214-17310-17528-17682-17742-17870-17878-18010-18410-18524-18788-19204-19254-19518-19596-19786-19874-19904-20390-20752-20936 sum: 670762

File Statistics:
  Column 0: count: 21000 hasNull: false
  Column 1: count: 21000 hasNull: false min: -2147390285 max: 2147453086 sum: 109128518326
  Column 2: count: 21000 hasNull: false min: -9222731174895935707 max: 9222919052987871506
  Column 3: count: 21000 hasNull: false min: Darkness,-230 max: worst-54-290-346-648-908-996-1038-1080-1560-1584-1620-1744-1770-1798-1852-1966-2162-2244-2286-2296-2534-2660-3114-3676-3788-4068-4150-4706-4744-5350-5420-5582-5696-5726-6006-6020-6024-6098-6184-6568-6636-6802-6994-7004-7318-7498-7758-7780-7798-7920-7952-7960-7988-8232-8256-8390-8416-8478-8620-8840-8984-9038-9128-9236-9248-9344-9594-9650-9714-9928-9938-10178-10368-10414-10502-10732-10876-11008-11158-11410-11722-11836-11964-12054-12096-12126-12136-12202-12246-12298-12616-12774-12782-12790-12802-12976-13216-13246-13502-13766-14454-14974-15004-15124-15252-15294-15356-15530-15610-16316-16936-17024-17122-17214-17310-17528-17682-17742-17870-17878-18010-18410-18524-18788-19204-19254-19518-19596-19786-19874-19904-20390-20752-20936 sum: 6910238

Stripes:
  Stripe: offset: 3 data: 163585 rows: 5000 tail: 69 index: 593
    Stream: column 0 section ROW_INDEX start: 3 length 17
    Stream: column 1 section ROW_INDEX start: 20 length 127
    Stream: column 2 section ROW_INDEX start: 147 length 131
    Stream: column 3 section ROW_INDEX start: 278 length 318
    Stream: column 1 section DATA start: 596 length 20035
    Stream: column 2 section DATA start: 20631 length 40050
    Stream: column 3 section DATA start: 60681 length 99226
    Stream: column 3 section LENGTH start: 159907 length 4274
    Encoding column 0: DIRECT
    Encoding column 1: DIRECT_V2
    Encoding column 2: DIRECT_V2
    Encoding column 3: DIRECT_V2
    Row group indices for column 1:
      Entry 0: count: 1000 hasNull: false min: -2132329551 max: 2145911404 sum: 61941331718 positions: 
      Entry 1: count: 1000 hasNull: false min: -2138433136 max: 2145210552 sum: 14574030042 positions: 
      Entry 2: count: 1000 hasNull: false min: -2147115959 max: 2137805337 sum: -2032493169 positions: 
      Entry 3: count: 1000 hasNull: false min: -2137828953 max: 2145877119 sum: -3167202608 positions: 
      Entry 4: count: 1000 hasNull: false min: -2146452517 max: 2142394906 sum: 88361503212 positions: 
    Row group indices for column 2:
      Entry 0: count: 1000 hasNull: false min: -9206837518492372266 max: 9169230975203934579 positions: 
      Entry 1: count: 1000 hasNull: false min: -9188878639954124284 max: 9213664245516510068 positions: 
      Entry 2: count: 1000 hasNull: false min: -9211329013123260308 max: 9217851628057711416 positions: 
      Entry 3: count: 1000 hasNull: false min: -9185745718227889962 max: 9181722705210917931 positions: 
      Entry 4: count: 1000 hasNull: false min: -9216505819108477308 max: 9196474183833079923 positions: 
    Row group indices for column 3:
      Entry 0: count: 1000 hasNull: false min: Darkness,-230 max: worst-54-290-346-648-908-996 sum: 18442 positions: 0,0,0,0,0
      Entry 1: count: 1000 hasNull: false min: Darkness,-230-368-488-586-862-930-1686 max: worst-54-290-346-648-908-996-1038-1080-1560-1584-1620-1744-1770-1798-1852-1966 sum: 46338 positions: 
      Entry 2: count: 1000 hasNull: false min: Darkness,-230-368-488-586-862-930-1686-2044 max: worst-54-290-346-648-908-996-1038-1080-1560-1584-1620-1744-1770-1798-1852-1966-2162-2244-2286-2296-2534-2660 sum: 75448 positions: 
      Entry 3: count: 1000 hasNull: false min: Darkness,-230-368-488-586-862-930-1686-2044-2636-2652-2872-3108 max: worst-54-290-346-648-908-996-1038-1080-1560-1584-1620-1744-1770-1798-1852-1966-2162-2244-2286-2296-2534-2660-3114-3676-3788 sum: 104868 positions: 
      Entry 4: count: 1000 hasNull: false min: Darkness,-230-368-488-586-862-930-1686-2044-2636-2652-2872-3108-3162-3192-3404-3442-3508-3542-3550-3712-3980-4146 max: worst-54-290-346-648-908-996-1038-1080-1560-1584-1620-1744-1770-1798-1852-1966-2162-2244-2286-2296-2534-2660-3114-3676-3788-4068-4150-4706-4744 sum: 136158 positions: 
  Stripe: offset: 164250 data: 368332 rows: 5000 tail: 70 index: 820
    Stream: column 0 section ROW_INDEX start: 164250 length 17
    Stream: column 1 section ROW_INDEX start: 164267 length 119
    Stream: column 2 section ROW_INDEX start: 164386 length 129
    Stream: column 3 section ROW_INDEX start: 164515 length 555
    Stream: column 1 section DATA start: 165070 length 20035
    Stream: column 2 section DATA start: 185105 length 40050
    Stream: column 3 section DATA start: 225155 length 302715
    Stream: column 3 section LENGTH start: 527870 length 5532
    Encoding column 0: DIRECT
    Encoding column 1: DIRECT_V2
    Encoding column 2: DIRECT_V2
    Encoding column 3: DIRECT_V2
    Row group indices for column 1:
      Entry 0: count: 1000 hasNull: false min: -2146021688 max: 2146838901 sum: -50979197646 positions: 
      Entry 1: count: 1000 hasNull: false min: -2143569489 max: 2141223179 sum: 22810066834 positions: 
      Entry 2: count: 1000 hasNull: false min: -2140649392 max: 2146301701 sum: -31694882346 positions: 
      Entry 3: count: 1000 hasNull: false min: -2147390285 max: 2146299933 sum: 79371934221 positions: 
      Entry 4: count: 1000 hasNull: false min: -2145928262 max: 2147224606 sum: -34469378822 positions: 
    Row group indices for column 2:
      Entry 0: count: 1000 hasNull: false min: -9222178666167296739 max: 9191250610515369723 positions: 
      Entry 1: count: 1000 hasNull: false min: -9220148577547102875 max: 9213945522531717278 positions: 
      Entry 2: count: 1000 hasNull: false min: -9220818777591257749 max: 9221301751385928177 positions: 
      Entry 3: count: 1000 hasNull: false min: -9220031433030423388 max: 9207856144487414148 positions: 
      Entry 4: count: 1000 hasNull: false min: -9201438531577205959 max: 9212462124593119846 positions: 
    Row group indices for column 3:
      Entry 0: count: 1000 hasNull: false min: Darkness,-230-368-488-586-862-930-1686-2044-2636-2652-2872-3108-3162-3192-3404-3442-3508-3542-3550-3712-3980-4146-4204-4336-4390-4418-4424-4490-4512-4650-4768-4924-4950-5210 max: worst-54-290-346-648-908-996-1038-1080-1560-1584-1620-1744-1770-1798-1852-1966-2162-2244-2286-2296-2534-2660-3114-3676-3788-4068-4150-4706-4744-5350-5420-5582-5696-5726 sum: 166320 positions: 
      Entry 1: count: 1000 hasNull: false min: Darkness,-230-368-488-586-862-930-1686-2044-2636-2652-2872-3108-3162-3192-3404-3442-3508-3542-3550-3712-3980-4146-4204-4336-4390-4418-4424-4490-4512-4650-4768-4924-4950-5210-5524-5630-5678-5710-5758-5952-6238 max: worst-54-290-346-648-908-996-1038-1080-1560-1584-1620-1744-1770-1798-1852-1966-2162-2244-2286-2296-2534-2660-3114-3676-3788-4068-4150-4706-4744-5350-5420-5582-5696-5726-6006-6020-6024-6098-6184-6568-6636-6802-6994 sum: 193436 positions: 
      Entry 2: count: 1000 hasNull: false min: Darkness,-230-368-488-586-862-930-1686-2044-2636-2652-2872-3108-3162-3192-3404-3442-3508-3542-3550-3712-3980-4146-4204-4336-4390-4418-4424-4490-4512-4650-4768-4924-4950-5210-5524-5630-5678-5710-5758-5952-6238-6252-6300-6366-6668-6712-6926-6942-7100 max: worst-54-290-346-648-908-996-1038-1080-1560-1584-1620-1744-1770-1798-1852-1966-2162-2244-2286-2296-2534-2660-3114-3676-3788-4068-4150-4706-4744-5350-5420-5582-5696-5726-6006-6020-6024-6098-6184-6568-6636-6802-6994-7004-7318-7498-7758-7780-7798-7920-7952-7960-7988 sum: 224740 positions: 
      Entry 3: count: 1000 hasNull: false min: Darkness,-230-368-488-586-862-930-1686-2044-2636-2652-2872-3108-3162-3192-3404-3442-3508-3542-3550-3712-3980-4146-4204-4336-4390-4418-4424-4490-4512-4650-4768-4924-4950-5210-5524-5630-5678-5710-5758-5952-6238-6252-6300-6366-6668-6712-6926-6942-7100-7194-7802-8030 max: worst-54-290-346-648-908-996-1038-1080-1560-1584-1620-1744-1770-1798-1852-1966-2162-2244-2286-2296-2534-2660-3114-3676-3788-4068-4150-4706-4744-5350-5420-5582-5696-5726-6006-6020-6024-6098-6184-6568-6636-6802-6994-7004-7318-7498-7758-7780-7798-7920-7952-7960-7988-8232-8256-8390-8416-8478-8620-8840-8984 sum: 252094 positions: 
      Entry 4: count: 1000 hasNull: false min: Darkness,-230-368-488-586-862-930-1686-2044-2636-2652-2872-3108-3162-3192-3404-3442-3508-3542-3550-3712-3980-4146-4204-4336-4390-4418-4424-4490-4512-4650-4768-4924-4950-5210-5524-5630-5678-5710-5758-5952-6238-6252-6300-6366-6668-6712-6926-6942-7100-7194-7802-8030-8452-8608-8640-8862-8868-9134 max: worst-54-290-346-648-908-996-1038-1080-1560-1584-1620-1744-1770-1798-1852-1966-2162-2244-2286-2296-2534-2660-3114-3676-3788-4068-4150-4706-4744-5350-5420-5582-5696-5726-6006-6020-6024-6098-6184-6568-6636-6802-6994-7004-7318-7498-7758-7780-7798-7920-7952-7960-7988-8232-8256-8390-8416-8478-8620-8840-8984-9038-9128-9236-9248-9344-9594-9650-9714-9928-9938 sum: 281404 positions: 
  Stripe: offset: 533472 data: 606071 rows: 5000 tail: 67 index: 1260
    Stream: column 0 section ROW_INDEX start: 533472 length 17
    Stream: column 1 section ROW_INDEX start: 533489 length 131
    Stream: column 2 section ROW_INDEX start: 533620 length 131
    Stream: column 3 section ROW_INDEX start: 533751 length 981
    Stream: column 1 section DATA start: 534732 length 20035
    Stream: column 2 section DATA start: 554767 length 40050
    Stream: column 3 section DATA start: 594817 length 540210
    Stream: column 3 section LENGTH start: 1135027 length 5776
    Encoding column 0: DIRECT
    Encoding column 1: DIRECT_V2
    Encoding column 2: DIRECT_V2
    Encoding column 3: DIRECT_V2
    Row group indices for column 1:
      Entry 0: count: 1000 hasNull: false min: -2138229212 max: 2144818981 sum: -22823642812 positions: 
      Entry 1: count: 1000 hasNull: false min: -2145842720 max: 2144179881 sum: -12562754334 positions: 
      Entry 2: count: 1000 hasNull: false min: -2143045885 max: 2146718321 sum: 82993638644 positions: 
      Entry 3: count: 1000 hasNull: false min: -2144745617 max: 2146570474 sum: 25138722367 positions: 
      Entry 4: count: 1000 hasNull: false min: -2140127150 max: 2135081620 sum: 68346511655 positions: 
    Row group indices for column 2:
      Entry 0: count: 1000 hasNull: false min: -9204340807292138409 max: 9208698732685326961 positions: 
      Entry 1: count: 1000 hasNull: false min: -9221963099397084326 max: 9222722740629726770 positions: 
      Entry 2: count: 1000 hasNull: false min: -9210480084701091299 max: 9207767402467343058 positions: 
      Entry 3: count: 1000 hasNull: false min: -9195038026813631215 max: 9199201928563274421 positions: 
      Entry 4: count: 1000 hasNull: false min: -9215483580266514322 max: 9220102792864959501 positions: 
    Row group indices for column 3:
      Entry 0: count: 1000 hasNull: false min: Darkness,-230-368-488-586-862-930-1686-2044-2636-2652-2872-3108-3162-3192-3404-3442-3508-3542-3550-3712-3980-4146-4204-4336-4390-4418-4424-4490-4512-4650-4768-4924-4950-5210-5524-5630-5678-5710-5758-5952-6238-6252-6300-6366-6668-6712-6926-6942-7100-7194-7802-8030-8452-8608-8640-8862-8868-9134-9234-9412-9602-9608-9642-9678-9740-9780-10426 max: worst-54-290-346-648-908-996-1038-1080-1560-1584-1620-1744-1770-1798-1852-1966-2162-2244-2286-2296-2534-2660-3114-3676-3788-4068-4150-4706-4744-5350-5420-5582-5696-5726-6006-6020-6024-6098-6184-6568-6636-6802-6994-7004-7318-7498-7758-7780-7798-7920-7952-7960-7988-8232-8256-8390-8416-8478-8620-8840-8984-9038-9128-9236-9248-9344-9594-9650-9714-9928-9938-10178-10368-10414-10502-10732-10876 sum: 313880 positions: 
      Entry 1: count: 1000 hasNull: false min: Darkness,-230-368-488-586-862-930-1686-2044-2636-2652-2872-3108-3162-3192-3404-3442-3508-3542-3550-3712-3980-4146-4204-4336-4390-4418-4424-4490-4512-4650-4768-4924-4950-5210-5524-5630-5678-5710-5758-5952-6238-6252-6300-6366-6668-6712-6926-6942-7100-7194-7802-8030-8452-8608-8640-8862-8868-9134-9234-9412-9602-9608-9642-9678-9740-9780-10426-10510-10514-10706-10814-10870-10942-11028 max: worst-54-290-346-648-908-996-1038-1080-1560-1584-1620-1744-1770-1798-1852-1966-2162-2244-2286-2296-2534-2660-3114-3676-3788-4068-4150-4706-4744-5350-5420-5582-5696-5726-6006-6020-6024-6098-6184-6568-6636-6802-6994-7004-7318-7498-7758-7780-7798-7920-7952-7960-7988-8232-8256-8390-8416-8478-8620-8840-8984-9038-9128-9236-9248-9344-9594-9650-9714-9928-9938-10178-10368-10414-10502-10732-10876-11008-11158-11410-11722-11836-11964 sum: 349542 positions: 
      Entry 2: count: 1000 hasNull: false min: Darkness,-230-368-488-586-862-930-1686-2044-2636-2652-2872-3108-3162-3192-3404-3442-3508-3542-3550-3712-3980-4146-4204-4336-4390-4418-4424-4490-4512-4650-4768-4924-4950-5210-5524-5630-5678-5710-5758-5952-6238-6252-6300-6366-6668-6712-6926-6942-7100-7194-7802-8030-8452-8608-8640-8862-8868-9134-9234-9412-9602-9608-9642-9678-9740-9780-10426-10510-10514-10706-10814-10870-10942-11028-11244-11326-11462-11496-11656-11830-12022 max: worst-54-290-346-648-908-996-1038-1080-1560-1584-1620-1744-1770-1798-1852-1966-2162-2244-2286-2296-2534-2660-3114-3676-3788-4068-4150-4706-4744-5350-5420-5582-5696-5726-6006-6020-6024-6098-6184-6568-6636-6802-6994-7004-7318-7498-7758-7780-7798-7920-7952-7960-7988-8232-8256-8390-8416-8478-8620-8840-8984-9038-9128-9236-9248-9344-9594-9650-9714-9928-9938-10178-10368-10414-10502-10732-10876-11008-11158-11410-11722-11836-11964-12054-12096-12126-12136-12202-12246-12298-12616-12774-12782-12790-12802-12976 sum: 386538 positions: 
      Entry 3: count: 1000 hasNull: false min: Darkness,-230-368-488-586-862-930-1686-2044-2636-2652-2872-3108-3162-3192-3404-3442-3508-3542-3550-3712-3980-4146-4204-4336-4390-4418-4424-4490-4512-4650-4768-4924-4950-5210-5524-5630-5678-5710-5758-5952-6238-6252-6300-6366-6668-6712-6926-6942-7100-7194-7802-8030-8452-8608-8640-8862-8868-9134-9234-9412-9602-9608-9642-9678-9740-9780-10426-10510-10514-10706-10814-10870-10942-11028-11244-11326-11462-11496-11656-11830-12022-12178-12418-12832-13304 max: worst-54-290-346-648-908-996-1038-1080-1560-1584-1620-1744-1770-1798-1852-1966-2162-2244-2286-2296-2534-2660-3114-3676-3788-4068-4150-4706-4744-5350-5420-5582-5696-5726-6006-6020-6024-6098-6184-6568-6636-6802-6994-7004-7318-7498-7758-7780-7798-7920-7952-7960-7988-8232-8256-8390-8416-8478-8620-8840-8984-9038-9128-9236-9248-9344-9594-9650-9714-9928-9938-10178-10368-10414-10502-10732-10876-11008-11158-11410-11722-11836-11964-12054-12096-12126-12136-12202-12246-12298-12616-12774-12782-12790-12802-12976-13216-13246-13502-13766 sum: 421660 positions: 
      Entry 4: count: 1000 hasNull: false min: Darkness,-230-368-488-586-862-930-1686-2044-2636-2652-2872-3108-3162-3192-3404-3442-3508-3542-3550-3712-3980-4146-4204-4336-4390-4418-4424-4490-4512-4650-4768-4924-4950-5210-5524-5630-5678-5710-5758-5952-6238-6252-6300-6366-6668-6712-6926-6942-7100-7194-7802-8030-8452-8608-8640-8862-8868-9134-9234-9412-9602-9608-9642-9678-9740-9780-10426-10510-10514-10706-10814-10870-10942-11028-11244-11326-11462-11496-11656-11830-12022-12178-12418-12832-13304-13448-13590-13618-13908-14188 max: worst-54-290-346-648-908-996-1038-1080-1560-1584-1620-1744-1770-1798-1852-1966-2162-2244-2286-2296-2534-2660-3114-3676-3788-4068-4150-4706-4744-5350-5420-5582-5696-5726-6006-6020-6024-6098-6184-6568-6636-6802-6994-7004-7318-7498-7758-7780-7798-7920-7952-7960-7988-8232-8256-8390-8416-8478-8620-8840-8984-9038-9128-9236-9248-9344-9594-9650-9714-9928-9938-10178-10368-10414-10502-10732-10876-11008-11158-11410-11722-11836-11964-12054-12096-12126-12136-12202-12246-12298-12616-12774-12782-12790-12802-12976-13216-13246-13502-13766-14454-14974 sum: 453606 positions: 
  Stripe: offset: 1140870 data: 863962 rows: 5000 tail: 70 index: 1829
    Stream: column 0 section ROW_INDEX start: 1140870 length 17
    Stream: column 1 section ROW_INDEX start: 1140887 length 118
    Stream: column 2 section ROW_INDEX start: 1141005 length 132
    Stream: column 3 section ROW_INDEX start: 1141137 length 1562
    Stream: column 1 section DATA start: 1142699 length 20035
    Stream: column 2 section DATA start: 1162734 length 40050
    Stream: column 3 section DATA start: 1202784 length 798014
    Stream: column 3 section LENGTH start: 2000798 length 5863
    Encoding column 0: DIRECT
    Encoding column 1: DIRECT_V2
    Encoding column 2: DIRECT_V2
    Encoding column 3: DIRECT_V2
    Row group indices for column 1:
      Entry 0: count: 1000 hasNull: false min: -2145319330 max: 2146998132 sum: -50856753363 positions: 
      Entry 1: count: 1000 hasNull: false min: -2134288866 max: 2147453086 sum: -17911019023 positions: 
      Entry 2: count: 1000 hasNull: false min: -2139010804 max: 2144727593 sum: -24993151857 positions: 
      Entry 3: count: 1000 hasNull: false min: -2145378214 max: 2144098933 sum: -18055164052 positions: 
      Entry 4: count: 1000 hasNull: false min: -2140494429 max: 2144595861 sum: -41863916235 positions: 
    Row group indices for column 2:
      Entry 0: count: 1000 hasNull: false min: -9172774601303513941 max: 9212917101275642143 positions: 
      Entry 1: count: 1000 hasNull: false min: -9218164880949195469 max: 9222919052987871506 positions: 
      Entry 2: count: 1000 hasNull: false min: -9222731174895935707 max: 9214167447015056056 positions: 
      Entry 3: count: 1000 hasNull: false min: -9196276654247395117 max: 9210639275226058005 positions: 
      Entry 4: count: 1000 hasNull: false min: -9197393848859294562 max: 9208134757538374043 positions: 
    Row group indices for column 3:
      Entry 0: count: 1000 hasNull: false min: Darkness,-230-368-488-586-862-930-1686-2044-2636-2652-2872-3108-3162-3192-3404-3442-3508-3542-3550-3712-3980-4146-4204-4336-4390-4418-4424-4490-4512-4650-4768-4924-4950-5210-5524-5630-5678-5710-5758-5952-6238-6252-6300-6366-6668-6712-6926-6942-7100-7194-7802-8030-8452-8608-8640-8862-8868-9134-9234-9412-9602-9608-9642-9678-9740-9780-10426-10510-10514-10706-10814-10870-10942-11028-11244-11326-11462-11496-11656-11830-12022-12178-12418-12832-13304-13448-13590-13618-13908-14188-14246-14340-14364-14394-14762-14850-14964-15048 max: worst-54-290-346-648-908-996-1038-1080-1560-1584-1620-1744-1770-1798-1852-1966-2162-2244-2286-2296-2534-2660-3114-3676-3788-4068-4150-4706-4744-5350-5420-5582-5696-5726-6006-6020-6024-6098-6184-6568-6636-6802-6994-7004-7318-7498-7758-7780-7798-7920-7952-7960-7988-8232-8256-8390-8416-8478-8620-8840-8984-9038-9128-9236-9248-9344-9594-9650-9714-9928-9938-10178-10368-10414-10502-10732-10876-11008-11158-11410-11722-11836-11964-12054-12096-12126-12136-12202-12246-12298-12616-12774-12782-12790-12802-12976-13216-13246-13502-13766-14454-14974-15004-15124-15252-15294-15356-15530-15610 sum: 492916 positions: 
      Entry 1: count: 1000 hasNull: false min: Darkness,-230-368-488-586-862-930-1686-2044-2636-2652-2872-3108-3162-3192-3404-3442-3508-3542-3550-3712-3980-4146-4204-4336-4390-4418-4424-4490-4512-4650-4768-4924-4950-5210-5524-5630-5678-5710-5758-5952-6238-6252-6300-6366-6668-6712-6926-6942-7100-7194-7802-8030-8452-8608-8640-8862-8868-9134-9234-9412-9602-9608-9642-9678-9740-9780-10426-10510-10514-10706-10814-10870-10942-11028-11244-11326-11462-11496-11656-11830-12022-12178-12418-12832-13304-13448-13590-13618-13908-14188-14246-14340-14364-14394-14762-14850-14964-15048-15494-15674-15726-16006 max: worst-54-290-346-648-908-996-1038-1080-1560-1584-1620-1744-1770-1798-1852-1966-2162-2244-2286-2296-2534-2660-3114-3676-3788-4068-4150-4706-4744-5350-5420-5582-5696-5726-6006-6020-6024-6098-6184-6568-6636-6802-6994-7004-7318-7498-7758-7780-7798-7920-7952-7960-7988-8232-8256-8390-8416-8478-8620-8840-8984-9038-9128-9236-9248-9344-9594-9650-9714-9928-9938-10178-10368-10414-10502-10732-10876-11008-11158-11410-11722-11836-11964-12054-12096-12126-12136-12202-12246-12298-12616-12774-12782-12790-12802-12976-13216-13246-13502-13766-14454-14974-15004-15124-15252-15294-15356-15530-15610-16316-16936 sum: 527290 positions: 
      Entry 2: count: 1000 hasNull: false min: Darkness,-230-368-488-586-862-930-1686-2044-2636-2652-2872-3108-3162-3192-3404-3442-3508-3542-3550-3712-3980-4146-4204-4336-4390-4418-4424-4490-4512-4650-4768-4924-4950-5210-5524-5630-5678-5710-5758-5952-6238-6252-6300-6366-6668-6712-6926-6942-7100-7194-7802-8030-8452-8608-8640-8862-8868-9134-9234-9412-9602-9608-9642-9678-9740-9780-10426-10510-10514-10706-10814-10870-10942-11028-11244-11326-11462-11496-11656-11830-12022-12178-12418-12832-13304-13448-13590-13618-13908-14188-14246-14340-14364-14394-14762-14850-14964-15048-15494-15674-15726-16006-16056-16180-16304-16332-16452-16598-16730-16810-16994-17210 max: worst-54-290-346-648-908-996-1038-1080-1560-1584-1620-1744-1770-1798-1852-1966-2162-2244-2286-2296-2534-2660-3114-3676-3788-4068-4150-4706-4744-5350-5420-5582-5696-5726-6006-6020-6024-6098-6184-6568-6636-6802-6994-7004-7318-7498-7758-7780-7798-7920-7952-7960-7988-8232-8256-8390-8416-8478-8620-8840-8984-9038-9128-9236-9248-9344-9594-9650-9714-9928-9938-10178-10368-10414-10502-10732-10876-11008-11158-11410-11722-11836-11964-12054-12096-12126-12136-12202-12246-12298-12616-12774-12782-12790-12802-12976-13216-13246-13502-13766-14454-14974-15004-15124-15252-15294-15356-15530-15610-16316-16936-17024-17122-17214-17310-17528-17682-17742-17870-17878 sum: 568274 positions: 
      Entry 3: count: 1000 hasNull: false min: Darkness,-230-368-488-586-862-930-1686-2044-2636-2652-2872-3108-3162-3192-3404-3442-3508-3542-3550-3712-3980-4146-4204-4336-4390-4418-4424-4490-4512-4650-4768-4924-4950-5210-5524-5630-5678-5710-5758-5952-6238-6252-6300-6366-6668-6712-6926-6942-7100-7194-7802-8030-8452-8608-8640-8862-8868-9134-9234-9412-9602-9608-9642-9678-9740-9780-10426-10510-10514-10706-10814-10870-10942-11028-11244-11326-11462-11496-11656-11830-12022-12178-12418-12832-13304-13448-13590-13618-13908-14188-14246-14340-14364-14394-14762-14850-14964-15048-15494-15674-15726-16006-16056-16180-16304-16332-16452-16598-16730-16810-16994-17210-17268-17786-17962-18214 max: worst-54-290-346-648-908-996-1038-1080-1560-1584-1620-1744-1770-1798-1852-1966-2162-2244-2286-2296-2534-2660-3114-3676-3788-4068-4150-4706-4744-5350-5420-5582-5696-5726-6006-6020-6024-6098-6184-6568-6636-6802-6994-7004-7318-7498-7758-7780-7798-7920-7952-7960-7988-8232-8256-8390-8416-8478-8620-8840-8984-9038-9128-9236-9248-9344-9594-9650-9714-9928-9938-10178-10368-10414-10502-10732-10876-11008-11158-11410-11722-11836-11964-12054-12096-12126-12136-12202-12246-12298-12616-12774-12782-12790-12802-12976-13216-13246-13502-13766-14454-14974-15004-15124-15252-15294-15356-15530-15610-16316-16936-17024-17122-17214-17310-17528-17682-17742-17870-17878-18010-18410-18524-18788 sum: 594578 positions: 
      Entry 4: count: 1000 hasNull: false min: Darkness,-230-368-488-586-862-930-1686-2044-2636-2652-2872-3108-3162-3192-3404-3442-3508-3542-3550-3712-3980-4146-4204-4336-4390-4418-4424-4490-4512-4650-4768-4924-4950-5210-5524-5630-5678-5710-5758-5952-6238-6252-6300-6366-6668-6712-6926-6942-7100-7194-7802-8030-8452-8608-8640-8862-8868-9134-9234-9412-9602-9608-9642-9678-9740-9780-10426-10510-10514-10706-10814-10870-10942-11028-11244-11326-11462-11496-11656-11830-12022-12178-12418-12832-13304-13448-13590-13618-13908-14188-14246-14340-14364-14394-14762-14850-14964-15048-15494-15674-15726-16006-16056-16180-16304-16332-16452-16598-16730-16810-16994-17210-17268-17786-17962-18214-18444-18446-18724-18912-18952-19164 max: worst-54-290-346-648-908-996-1038-1080-1560-1584-1620-1744-1770-1798-1852-1966-2162-2244-2286-2296-2534-2660-3114-3676-3788-4068-4150-4706-4744-5350-5420-5582-5696-5726-6006-6020-6024-6098-6184-6568-6636-6802-6994-7004-7318-7498-7758-7780-7798-7920-7952-7960-7988-8232-8256-8390-8416-8478-8620-8840-8984-9038-9128-9236-9248-9344-9594-9650-9714-9928-9938-10178-10368-10414-10502-10732-10876-11008-11158-11410-11722-11836-11964-12054-12096-12126-12136-12202-12246-12298-12616-12774-12782-12790-12802-12976-13216-13246-13502-13766-14454-14974-15004-15124-15252-15294-15356-15530-15610-16316-16936-17024-17122-17214-17310-17528-17682-17742-17870-17878-18010-18410-18524-18788-19204-19254-19518-19596-19786-19874-19904 sum: 631944 positions: 
  Stripe: offset: 2006731 data: 207282 rows: 1000 tail: 67 index: 826
    Stream: column 0 section ROW_INDEX start: 2006731 length 12
    Stream: column 1 section ROW_INDEX start: 2006743 length 33
    Stream: column 2 section ROW_INDEX start: 2006776 length 36
    Stream: column 3 section ROW_INDEX start: 2006812 length 745
    Stream: column 1 section DATA start: 2007557 length 4007
    Stream: column 2 section DATA start: 2011564 length 8010
    Stream: column 3 section DATA start: 2019574 length 194018
    Stream: column 3 section LENGTH start: 2213592 length 1247
    Encoding column 0: DIRECT
    Encoding column 1: DIRECT_V2
    Encoding column 2: DIRECT_V2
    Encoding column 3: DIRECT_V2
    Row group indices for column 1:
      Entry 0: count: 1000 hasNull: false min: -2143595397 max: 2136858458 sum: -22999664100 positions: 
    Row group indices for column 2:
      Entry 0: count: 1000 hasNull: false min: -9212379634781416464 max: 9197412874152820822 positions: 
    Row group indices for column 3:
      Entry 0: count: 1000 hasNull: false min: Darkness,-230-368-488-586-862-930-1686-2044-2636-2652-2872-3108-3162-3192-3404-3442-3508-3542-3550-3712-3980-4146-4204-4336-4390-4418-4424-4490-4512-4650-4768-4924-4950-5210-5524-5630-5678-5710-5758-5952-6238-6252-6300-6366-6668-6712-6926-6942-7100-7194-7802-8030-8452-8608-8640-8862-8868-9134-9234-9412-9602-9608-9642-9678-9740-9780-10426-10510-10514-10706-10814-10870-10942-11028-11244-11326-11462-11496-11656-11830-12022-12178-12418-12832-13304-13448-13590-13618-13908-14188-14246-14340-14364-14394-14762-14850-14964-15048-15494-15674-15726-16006-16056-16180-16304-16332-16452-16598-16730-16810-16994-17210-17268-17786-17962-18214-18444-18446-18724-18912-18952-19164-19348-19400-19546-19776-19896-20084 max: worst-54-290-346-648-908-996-1038-1080-1560-1584-1620-1744-1770-1798-1852-1966-2162-2244-2286-2296-2534-2660-3114-3676-3788-4068-4150-4706-4744-5350-5420-5582-5696-5726-6006-6020-6024-6098-6184-6568-6636-6802-6994-7004-7318-7498-7758-7780-7798-7920-7952-7960-7988-8232-8256-8390-8416-8478-8620-8840-8984-9038-9128-9236-9248-9344-9594-9650-9714-9928-9938-10178-10368-10414-10502-10732-10876-11008-11158-11410-11722-11836-11964-12054-12096-12126-12136-12202-12246-12298-12616-12774-12782-12790-12802-12976-13216-13246-13502-13766-14454-14974-15004-15124-15252-15294-15356-15530-15610-16316-16936-17024-17122-17214-17310-17528-17682-17742-17870-17878-18010-18410-18524-18788-19204-19254-19518-19596-19786-19874-19904-20390-20752-20936 sum: 670762 positions: 

File length: 2217024 bytes
Padding length: 0 bytes
Padding ratio: 0%
________________________________________________________________________________________________________________________

