Structure for TestFileDump.testDump.orc
File Version: 0.12 with ORC_135
Rows: 20000
Compression: ZLIB
Compression size: 4096
Type: struct<bytes1:binary,string1:string>

Stripe Statistics:
  Stripe 1:
    Column 0: count: 5000 hasNull: false
    Column 1: count: 5000 hasNull: false sum: 15000
    Column 2: count: 2000 hasNull: true min: RG1 max: RG3 sum: 6000
  Stripe 2:
    Column 0: count: 5000 hasNull: false
    Column 1: count: 5000 hasNull: false sum: 15000
    Column 2: count: 0 hasNull: true
  Stripe 3:
    Column 0: count: 5000 hasNull: false
    Column 1: count: 5000 hasNull: false sum: 15000
    Column 2: count: 5000 hasNull: false min: STRIPE-3 max: STRIPE-3 sum: 40000
  Stripe 4:
    Column 0: count: 5000 hasNull: false
    Column 1: count: 5000 hasNull: false sum: 15000
    Column 2: count: 0 hasNull: true

File Statistics:
  Column 0: count: 20000 hasNull: false
  Column 1: count: 20000 hasNull: false sum: 60000
  Column 2: count: 7000 hasNull: true min: RG1 max: STRIPE-3 sum: 46000

Stripes:
  Stripe: offset: 3 data: 220 rows: 5000 tail: 64 index: 105
    Stream: column 0 section ROW_INDEX start: 3 length 17
    Stream: column 1 section ROW_INDEX start: 20 length 22
    Stream: column 2 section ROW_INDEX start: 42 length 66
    Stream: column 2 section DICTIONARY_DATA start: 108 length 9
    Stream: column 2 section DICTIONARY_LENGTH start: 117 length 6
    Stream: column 1 section DATA start: 123 length 159
    Stream: column 1 section LENGTH start: 282 length 15
    Stream: column 2 section PRESENT start: 297 length 13
    Stream: column 2 section DATA start: 310 length 18
    Encoding column 0: DIRECT
    Encoding column 1: DIRECT_V2
    Encoding column 2: DICTIONARY_V2[2]
    Row group indices for column 2:
      Entry 0: count: 1000 hasNull: false min: RG1 max: RG1 sum: 3000 positions: 0,0,0
      Entry 1: count: 0 hasNull: true positions: 0,4,488
      Entry 2: count: 1000 hasNull: false min: RG3 max: RG3 sum: 3000 positions: 0,4,488
      Entry 3: count: 0 hasNull: true positions: 0,12,488
      Entry 4: count: 0 hasNull: true positions: 0,12,488
  Stripe: offset: 392 data: 185 rows: 5000 tail: 62 index: 62
    Stream: column 0 section ROW_INDEX start: 392 length 17
    Stream: column 1 section ROW_INDEX start: 409 length 22
    Stream: column 2 section ROW_INDEX start: 431 length 23
    Stream: column 2 section DICTIONARY_DATA start: 454 length 0
    Stream: column 2 section DICTIONARY_LENGTH start: 454 length 0
    Stream: column 1 section DATA start: 454 length 159
    Stream: column 1 section LENGTH start: 613 length 15
    Stream: column 2 section PRESENT start: 628 length 11
    Stream: column 2 section DATA start: 639 length 0
    Encoding column 0: DIRECT
    Encoding column 1: DIRECT_V2
    Encoding column 2: DICTIONARY_V2[0]
    Row group indices for column 2:
      Entry 0: count: 0 hasNull: true positions: 0,0,0
      Entry 1: count: 0 hasNull: true positions: 0,0,0
      Entry 2: count: 0 hasNull: true positions: 0,0,0
      Entry 3: count: 0 hasNull: true positions: 0,0,0
      Entry 4: count: 0 hasNull: true positions: 0,0,0
  Stripe: offset: 701 data: 206 rows: 5000 tail: 63 index: 99
    Stream: column 0 section ROW_INDEX start: 701 length 17
    Stream: column 1 section ROW_INDEX start: 718 length 22
    Stream: column 2 section ROW_INDEX start: 740 length 60
    Stream: column 2 section DICTIONARY_DATA start: 800 length 11
    Stream: column 2 section DICTIONARY_LENGTH start: 811 length 6
    Stream: column 1 section DATA start: 817 length 159
    Stream: column 1 section LENGTH start: 976 length 15
    Stream: column 2 section DATA start: 991 length 15
    Encoding column 0: DIRECT
    Encoding column 1: DIRECT_V2
    Encoding column 2: DICTIONARY_V2[1]
    Row group indices for column 2:
      Entry 0: count: 1000 hasNull: false min: STRIPE-3 max: STRIPE-3 sum: 8000 positions: 0,0,0
      Entry 1: count: 1000 hasNull: false min: STRIPE-3 max: STRIPE-3 sum: 8000 positions: 0,4,488
      Entry 2: count: 1000 hasNull: false min: STRIPE-3 max: STRIPE-3 sum: 8000 positions: 0,12,464
      Entry 3: count: 1000 hasNull: false min: STRIPE-3 max: STRIPE-3 sum: 8000 positions: 0,20,440
      Entry 4: count: 1000 hasNull: false min: STRIPE-3 max: STRIPE-3 sum: 8000 positions: 0,28,416
  Stripe: offset: 1069 data: 185 rows: 5000 tail: 62 index: 62
    Stream: column 0 section ROW_INDEX start: 1069 length 17
    Stream: column 1 section ROW_INDEX start: 1086 length 22
    Stream: column 2 section ROW_INDEX start: 1108 length 23
    Stream: column 2 section DICTIONARY_DATA start: 1131 length 0
    Stream: column 2 section DICTIONARY_LENGTH start: 1131 length 0
    Stream: column 1 section DATA start: 1131 length 159
    Stream: column 1 section LENGTH start: 1290 length 15
    Stream: column 2 section PRESENT start: 1305 length 11
    Stream: column 2 section DATA start: 1316 length 0
    Encoding column 0: DIRECT
    Encoding column 1: DIRECT_V2
    Encoding column 2: DICTIONARY_V2[0]
    Row group indices for column 2:
      Entry 0: count: 0 hasNull: true positions: 0,0,0
      Entry 1: count: 0 hasNull: true positions: 0,0,0
      Entry 2: count: 0 hasNull: true positions: 0,0,0
      Entry 3: count: 0 hasNull: true positions: 0,0,0
      Entry 4: count: 0 hasNull: true positions: 0,0,0

File length: 1626 bytes
Padding length: 0 bytes
Padding ratio: 0%
________________________________________________________________________________________________________________________

