Structure for TestFileDump.testDump.orc
File Version: 0.12 with ORC_135
Rows: 21000
Compression: ZLIB
Compression size: 4096
Type: struct<i:int,l:bigint,s:string>

Stripe Statistics:
  Stripe 1:
    Column 0: count: 5000 hasNull: false
    Column 1: count: 5000 hasNull: false min: -2146021688 max: 2147223299 sum: 515792826
    Column 2: count: 5000 hasNull: false min: -9218592812243954469 max: 9221614132680747961
    Column 3: count: 5000 hasNull: false min: Darkness, max: worst sum: 19280
  Stripe 2:
    Column 0: count: 5000 hasNull: false
    Column 1: count: 5000 hasNull: false min: -2146733128 max: 2147001622 sum: 7673427
    Column 2: count: 5000 hasNull: false min: -9220818777591257749 max: 9222259462014003839
    Column 3: count: 5000 hasNull: false min: Darkness, max: worst sum: 19504
  Stripe 3:
    Column 0: count: 5000 hasNull: false
    Column 1: count: 5000 hasNull: false min: -2146993718 max: 2147378179 sum: 132660742551
    Column 2: count: 5000 hasNull: false min: -9218342074710552826 max: 9222303228623055266
    Column 3: count: 5000 hasNull: false min: Darkness, max: worst sum: 19641
  Stripe 4:
    Column 0: count: 5000 hasNull: false
    Column 1: count: 5000 hasNull: false min: -2146658006 max: 2145520931 sum: 8533549236
    Column 2: count: 5000 hasNull: false min: -9222758097219661129 max: 9221043130193737406
    Column 3: count: 5000 hasNull: false min: Darkness, max: worst sum: 19470
  Stripe 5:
    Column 0: count: 1000 hasNull: false
    Column 1: count: 1000 hasNull: false min: -2146245500 max: 2146378640 sum: 51299706363
    Column 2: count: 1000 hasNull: false min: -9208193203370316142 max: 9218567213558056476
    Column 3: count: 1000 hasNull: false min: Darkness, max: worst sum: 3866

File Statistics:
  Column 0: count: 21000 hasNull: false
  Column 1: count: 21000 hasNull: false min: -2146993718 max: 2147378179 sum: 193017464403
  Column 2: count: 21000 hasNull: false min: -9222758097219661129 max: 9222303228623055266
  Column 3: count: 21000 hasNull: false min: Darkness, max: worst sum: 81761

Stripes:
  Stripe: offset: 3 data: 63786 rows: 5000 tail: 109 index: 14872
    Stream: column 0 section ROW_INDEX start: 3 length 17
    Stream: column 1 section ROW_INDEX start: 20 length 127
    Stream: column 2 section ROW_INDEX start: 147 length 131
    Stream: column 2 section BLOOM_FILTER start: 278 length 6535
    Stream: column 2 section BLOOM_FILTER_UTF8 start: 6813 length 6046
    Stream: column 3 section ROW_INDEX start: 12859 length 87
    Stream: column 3 section BLOOM_FILTER start: 12946 length 1038
    Stream: column 3 section BLOOM_FILTER_UTF8 start: 13984 length 891
    Stream: column 3 section DICTIONARY_DATA start: 14875 length 133
    Stream: column 3 section DICTIONARY_LENGTH start: 15008 length 25
    Stream: column 1 section DATA start: 15033 length 20035
    Stream: column 2 section DATA start: 35068 length 40050
    Stream: column 3 section DATA start: 75118 length 3543
    Encoding column 0: DIRECT
    Encoding column 1: DIRECT_V2
    Encoding column 2: DIRECT_V2
    Encoding column 3: DICTIONARY_V2[35]
    Row group indices for column 2:
      Entry 0: count: 1000 hasNull: false min: -9200577545527640566 max: 9175500305011173751 positions: 
      Entry 1: count: 1000 hasNull: false min: -9203618157670445774 max: 9208123824411178101 positions: 
      Entry 2: count: 1000 hasNull: false min: -9218592812243954469 max: 9221351515892923972 positions: 
      Entry 3: count: 1000 hasNull: false min: -9206585617947511272 max: 9167703224425685487 positions: 
      Entry 4: count: 1000 hasNull: false min: -9206645795733282496 max: 9221614132680747961 positions: 
    Bloom filters for column 2:
      Entry 0: numHashFunctions: 7 bitCount: 9600 popCount: 4931 loadFactor: 0.5136 expectedFpp: 0.009432924
      Entry 1: numHashFunctions: 7 bitCount: 9600 popCount: 4956 loadFactor: 0.5163 expectedFpp: 0.009772834
      Entry 2: numHashFunctions: 7 bitCount: 9600 popCount: 4971 loadFactor: 0.5178 expectedFpp: 0.009981772
      Entry 3: numHashFunctions: 7 bitCount: 9600 popCount: 4971 loadFactor: 0.5178 expectedFpp: 0.009981772
      Entry 4: numHashFunctions: 7 bitCount: 9600 popCount: 4949 loadFactor: 0.5155 expectedFpp: 0.009676614
      Stripe level merge: numHashFunctions: 7 bitCount: 9600 popCount: 9347 loadFactor: 0.9736 expectedFpp: 0.829482
  Stripe: offset: 78770 data: 63775 rows: 5000 tail: 108 index: 14866
    Stream: column 0 section ROW_INDEX start: 78770 length 17
    Stream: column 1 section ROW_INDEX start: 78787 length 127
    Stream: column 2 section ROW_INDEX start: 78914 length 131
    Stream: column 2 section BLOOM_FILTER start: 79045 length 6533
    Stream: column 2 section BLOOM_FILTER_UTF8 start: 85578 length 6046
    Stream: column 3 section ROW_INDEX start: 91624 length 83
    Stream: column 3 section BLOOM_FILTER start: 91707 length 1038
    Stream: column 3 section BLOOM_FILTER_UTF8 start: 92745 length 891
    Stream: column 3 section DICTIONARY_DATA start: 93636 length 133
    Stream: column 3 section DICTIONARY_LENGTH start: 93769 length 25
    Stream: column 1 section DATA start: 93794 length 20035
    Stream: column 2 section DATA start: 113829 length 40050
    Stream: column 3 section DATA start: 153879 length 3532
    Encoding column 0: DIRECT
    Encoding column 1: DIRECT_V2
    Encoding column 2: DIRECT_V2
    Encoding column 3: DICTIONARY_V2[35]
    Row group indices for column 2:
      Entry 0: count: 1000 hasNull: false min: -9218450653857701562 max: 9189819526332228512 positions: 
      Entry 1: count: 1000 hasNull: false min: -9220818777591257749 max: 9178821722829648113 positions: 
      Entry 2: count: 1000 hasNull: false min: -9220031433030423388 max: 9210838931786956852 positions: 
      Entry 3: count: 1000 hasNull: false min: -9208195729739635607 max: 9222259462014003839 positions: 
      Entry 4: count: 1000 hasNull: false min: -9174271499932339698 max: 9212277876771676916 positions: 
    Bloom filters for column 2:
      Entry 0: numHashFunctions: 7 bitCount: 9600 popCount: 4971 loadFactor: 0.5178 expectedFpp: 0.009981772
      Entry 1: numHashFunctions: 7 bitCount: 9600 popCount: 4988 loadFactor: 0.5196 expectedFpp: 0.010223193
      Entry 2: numHashFunctions: 7 bitCount: 9600 popCount: 5002 loadFactor: 0.521 expectedFpp: 0.01042575
      Entry 3: numHashFunctions: 7 bitCount: 9600 popCount: 4962 loadFactor: 0.5169 expectedFpp: 0.009855959
      Entry 4: numHashFunctions: 7 bitCount: 9600 popCount: 4966 loadFactor: 0.5173 expectedFpp: 0.009911705
      Stripe level merge: numHashFunctions: 7 bitCount: 9600 popCount: 9344 loadFactor: 0.9733 expectedFpp: 0.8276205
  Stripe: offset: 157519 data: 63787 rows: 5000 tail: 108 index: 14870
    Stream: column 0 section ROW_INDEX start: 157519 length 17
    Stream: column 1 section ROW_INDEX start: 157536 length 124
    Stream: column 2 section ROW_INDEX start: 157660 length 131
    Stream: column 2 section BLOOM_FILTER start: 157791 length 6533
    Stream: column 2 section BLOOM_FILTER_UTF8 start: 164324 length 6046
    Stream: column 3 section ROW_INDEX start: 170370 length 90
    Stream: column 3 section BLOOM_FILTER start: 170460 length 1038
    Stream: column 3 section BLOOM_FILTER_UTF8 start: 171498 length 891
    Stream: column 3 section DICTIONARY_DATA start: 172389 length 133
    Stream: column 3 section DICTIONARY_LENGTH start: 172522 length 25
    Stream: column 1 section DATA start: 172547 length 20035
    Stream: column 2 section DATA start: 192582 length 40050
    Stream: column 3 section DATA start: 232632 length 3544
    Encoding column 0: DIRECT
    Encoding column 1: DIRECT_V2
    Encoding column 2: DIRECT_V2
    Encoding column 3: DICTIONARY_V2[35]
    Row group indices for column 2:
      Entry 0: count: 1000 hasNull: false min: -9211978436552246208 max: 9179058898902097152 positions: 
      Entry 1: count: 1000 hasNull: false min: -9195645160817780503 max: 9189147759444307708 positions: 
      Entry 2: count: 1000 hasNull: false min: -9202888157616520823 max: 9193561362676960747 positions: 
      Entry 3: count: 1000 hasNull: false min: -9216318198067839390 max: 9221286760675829363 positions: 
      Entry 4: count: 1000 hasNull: false min: -9218342074710552826 max: 9222303228623055266 positions: 
    Bloom filters for column 2:
      Entry 0: numHashFunctions: 7 bitCount: 9600 popCount: 4967 loadFactor: 0.5174 expectedFpp: 0.009925688
      Entry 1: numHashFunctions: 7 bitCount: 9600 popCount: 5002 loadFactor: 0.521 expectedFpp: 0.01042575
      Entry 2: numHashFunctions: 7 bitCount: 9600 popCount: 4964 loadFactor: 0.5171 expectedFpp: 0.009883798
      Entry 3: numHashFunctions: 7 bitCount: 9600 popCount: 4943 loadFactor: 0.5149 expectedFpp: 0.009594797
      Entry 4: numHashFunctions: 7 bitCount: 9600 popCount: 4930 loadFactor: 0.5135 expectedFpp: 0.009419539
      Stripe level merge: numHashFunctions: 7 bitCount: 9600 popCount: 9333 loadFactor: 0.9722 expectedFpp: 0.82082444
  Stripe: offset: 236284 data: 63817 rows: 5000 tail: 108 index: 14864
    Stream: column 0 section ROW_INDEX start: 236284 length 17
    Stream: column 1 section ROW_INDEX start: 236301 length 127
    Stream: column 2 section ROW_INDEX start: 236428 length 130
    Stream: column 2 section BLOOM_FILTER start: 236558 length 6524
    Stream: column 2 section BLOOM_FILTER_UTF8 start: 243082 length 6046
    Stream: column 3 section ROW_INDEX start: 249128 length 91
    Stream: column 3 section BLOOM_FILTER start: 249219 length 1038
    Stream: column 3 section BLOOM_FILTER_UTF8 start: 250257 length 891
    Stream: column 3 section DICTIONARY_DATA start: 251148 length 133
    Stream: column 3 section DICTIONARY_LENGTH start: 251281 length 25
    Stream: column 1 section DATA start: 251306 length 20035
    Stream: column 2 section DATA start: 271341 length 40050
    Stream: column 3 section DATA start: 311391 length 3574
    Encoding column 0: DIRECT
    Encoding column 1: DIRECT_V2
    Encoding column 2: DIRECT_V2
    Encoding column 3: DICTIONARY_V2[35]
    Row group indices for column 2:
      Entry 0: count: 1000 hasNull: false min: -9222731174895935707 max: 9214167447015056056 positions: 
      Entry 1: count: 1000 hasNull: false min: -9222758097219661129 max: 9221043130193737406 positions: 
      Entry 2: count: 1000 hasNull: false min: -9174483776261243438 max: 9208134757538374043 positions: 
      Entry 3: count: 1000 hasNull: false min: -9174329712613510612 max: 9197412874152820822 positions: 
      Entry 4: count: 1000 hasNull: false min: -9221162005892422758 max: 9220625004936875965 positions: 
    Bloom filters for column 2:
      Entry 0: numHashFunctions: 7 bitCount: 9600 popCount: 4951 loadFactor: 0.5157 expectedFpp: 0.009704026
      Entry 1: numHashFunctions: 7 bitCount: 9600 popCount: 4969 loadFactor: 0.5176 expectedFpp: 0.009953696
      Entry 2: numHashFunctions: 7 bitCount: 9600 popCount: 4994 loadFactor: 0.5202 expectedFpp: 0.010309587
      Entry 3: numHashFunctions: 7 bitCount: 9600 popCount: 4941 loadFactor: 0.5147 expectedFpp: 0.009567649
      Entry 4: numHashFunctions: 7 bitCount: 9600 popCount: 4993 loadFactor: 0.5201 expectedFpp: 0.010295142
      Stripe level merge: numHashFunctions: 7 bitCount: 9600 popCount: 9353 loadFactor: 0.9743 expectedFpp: 0.8332165
  Stripe: offset: 315073 data: 12943 rows: 1000 tail: 103 index: 3536
    Stream: column 0 section ROW_INDEX start: 315073 length 12
    Stream: column 1 section ROW_INDEX start: 315085 length 33
    Stream: column 2 section ROW_INDEX start: 315118 length 36
    Stream: column 2 section BLOOM_FILTER start: 315154 length 1337
    Stream: column 2 section BLOOM_FILTER_UTF8 start: 316491 length 1211
    Stream: column 3 section ROW_INDEX start: 317702 length 40
    Stream: column 3 section BLOOM_FILTER start: 317742 length 472
    Stream: column 3 section BLOOM_FILTER_UTF8 start: 318214 length 395
    Stream: column 3 section DICTIONARY_DATA start: 318609 length 133
    Stream: column 3 section DICTIONARY_LENGTH start: 318742 length 25
    Stream: column 1 section DATA start: 318767 length 4007
    Stream: column 2 section DATA start: 322774 length 8010
    Stream: column 3 section DATA start: 330784 length 768
    Encoding column 0: DIRECT
    Encoding column 1: DIRECT_V2
    Encoding column 2: DIRECT_V2
    Encoding column 3: DICTIONARY_V2[35]
    Row group indices for column 2:
      Entry 0: count: 1000 hasNull: false min: -9208193203370316142 max: 9218567213558056476 positions: 
    Bloom filters for column 2:
      Entry 0: numHashFunctions: 7 bitCount: 9600 popCount: 4948 loadFactor: 0.5154 expectedFpp: 0.00966294
      Stripe level merge: numHashFunctions: 7 bitCount: 9600 popCount: 4948 loadFactor: 0.5154 expectedFpp: 0.00966294

File length: 332205 bytes
Padding length: 0 bytes
Padding ratio: 0%
________________________________________________________________________________________________________________________

