Structure for TestFileDump.testDump.orc
File Version: 0.12 with ORC_135
Rows: 21000
Compression: ZLIB
Compression size: 4096
Type: struct<i:int,l:bigint,s:string>

Stripe Statistics:
  Stripe 1:
    Column 0: count: 5000 hasNull: false
    Column 1: count: 5000 hasNull: false min: -2146021688 max: 2147223299 sum: 515792826
    Column 2: count: 5000 hasNull: false min: -9218592812243954469 max: 9221614132680747961
    Column 3: count: 5000 hasNull: false min: Darkness, max: worst sum: 19280
  Stripe 2:
    Column 0: count: 5000 hasNull: false
    Column 1: count: 5000 hasNull: false min: -2146733128 max: 2147001622 sum: 7673427
    Column 2: count: 5000 hasNull: false min: -9220818777591257749 max: 9222259462014003839
    Column 3: count: 5000 hasNull: false min: Darkness, max: worst sum: 19504
  Stripe 3:
    Column 0: count: 5000 hasNull: false
    Column 1: count: 5000 hasNull: false min: -2146993718 max: 2147378179 sum: 132660742551
    Column 2: count: 5000 hasNull: false min: -9218342074710552826 max: 9222303228623055266
    Column 3: count: 5000 hasNull: false min: Darkness, max: worst sum: 19641
  Stripe 4:
    Column 0: count: 5000 hasNull: false
    Column 1: count: 5000 hasNull: false min: -2146658006 max: 2145520931 sum: 8533549236
    Column 2: count: 5000 hasNull: false min: -9222758097219661129 max: 9221043130193737406
    Column 3: count: 5000 hasNull: false min: Darkness, max: worst sum: 19470
  Stripe 5:
    Column 0: count: 1000 hasNull: false
    Column 1: count: 1000 hasNull: false min: -2146245500 max: 2146378640 sum: 51299706363
    Column 2: count: 1000 hasNull: false min: -9208193203370316142 max: 9218567213558056476
    Column 3: count: 1000 hasNull: false min: Darkness, max: worst sum: 3866

File Statistics:
  Column 0: count: 21000 hasNull: false
  Column 1: count: 21000 hasNull: false min: -2146993718 max: 2147378179 sum: 193017464403
  Column 2: count: 21000 hasNull: false min: -9222758097219661129 max: 9222303228623055266
  Column 3: count: 21000 hasNull: false min: Darkness, max: worst sum: 81761

Stripes:
  Stripe: offset: 3 data: 63624 rows: 5000 tail: 77 index: 329
    Stream: column 0 section ROW_INDEX start: 3 length 17
    Stream: column 1 section ROW_INDEX start: 20 length 127
    Stream: column 2 section ROW_INDEX start: 147 length 131
    Stream: column 3 section ROW_INDEX start: 278 length 54
    Stream: column 3 section DICTIONARY_DATA start: 332 length 135
    Stream: column 3 section DICTIONARY_LENGTH start: 467 length 28
    Stream: column 1 section DATA start: 495 length 20035
    Stream: column 2 section DATA start: 20530 length 40050
    Stream: column 3 section DATA start: 60580 length 3376
    Encoding column 0: DIRECT
    Encoding column 1: DIRECT_V2
    Encoding column 2: DIRECT_V2
    Encoding column 3: DICTIONARY_V2[35]
    Row group indices for column 1:
      Entry 0: count: 1000 hasNull: false min: -2145365268 max: 2135491313 sum: 7521792925 positions: 
      Entry 1: count: 1000 hasNull: false min: -2139452528 max: 2147223299 sum: -12923774313 positions: 
      Entry 2: count: 1000 hasNull: false min: -2142420586 max: 2143898386 sum: -25521983511 positions: 
      Entry 3: count: 1000 hasNull: false min: -2137233441 max: 2144267163 sum: 40993386199 positions: 
      Entry 4: count: 1000 hasNull: false min: -2146021688 max: 2146838901 sum: -9553628474 positions: 
    Row group indices for column 2:
      Entry 0: count: 1000 hasNull: false min: -9200577545527640566 max: 9175500305011173751 positions: 
      Entry 1: count: 1000 hasNull: false min: -9203618157670445774 max: 9208123824411178101 positions: 
      Entry 2: count: 1000 hasNull: false min: -9218592812243954469 max: 9221351515892923972 positions: 
      Entry 3: count: 1000 hasNull: false min: -9206585617947511272 max: 9167703224425685487 positions: 
      Entry 4: count: 1000 hasNull: false min: -9206645795733282496 max: 9221614132680747961 positions: 
    Row group indices for column 3:
      Entry 0: count: 1000 hasNull: false min: Darkness, max: worst sum: 3862 positions: 
      Entry 1: count: 1000 hasNull: false min: Darkness, max: worst sum: 3884 positions: 
      Entry 2: count: 1000 hasNull: false min: Darkness, max: worst sum: 3893 positions: 
      Entry 3: count: 1000 hasNull: false min: Darkness, max: worst sum: 3798 positions: 
      Entry 4: count: 1000 hasNull: false min: Darkness, max: worst sum: 3843 positions: 
  Stripe: offset: 64033 data: 63703 rows: 5000 tail: 77 index: 330
    Stream: column 0 section ROW_INDEX start: 64033 length 17
    Stream: column 1 section ROW_INDEX start: 64050 length 127
    Stream: column 2 section ROW_INDEX start: 64177 length 131
    Stream: column 3 section ROW_INDEX start: 64308 length 55
    Stream: column 3 section DICTIONARY_DATA start: 64363 length 134
    Stream: column 3 section DICTIONARY_LENGTH start: 64497 length 23
    Stream: column 1 section DATA start: 64520 length 20035
    Stream: column 2 section DATA start: 84555 length 40050
    Stream: column 3 section DATA start: 124605 length 3461
    Encoding column 0: DIRECT
    Encoding column 1: DIRECT_V2
    Encoding column 2: DIRECT_V2
    Encoding column 3: DICTIONARY_V2[35]
    Row group indices for column 1:
      Entry 0: count: 1000 hasNull: false min: -2143799121 max: 2145249879 sum: -6966266181 positions: 
      Entry 1: count: 1000 hasNull: false min: -2146733128 max: 2147001622 sum: -35930106333 positions: 
      Entry 2: count: 1000 hasNull: false min: -2144302712 max: 2146299933 sum: 6944230435 positions: 
      Entry 3: count: 1000 hasNull: false min: -2145172948 max: 2144335014 sum: -29624404959 positions: 
      Entry 4: count: 1000 hasNull: false min: -2146428427 max: 2144067253 sum: 65584220465 positions: 
    Row group indices for column 2:
      Entry 0: count: 1000 hasNull: false min: -9218450653857701562 max: 9189819526332228512 positions: 
      Entry 1: count: 1000 hasNull: false min: -9220818777591257749 max: 9178821722829648113 positions: 
      Entry 2: count: 1000 hasNull: false min: -9220031433030423388 max: 9210838931786956852 positions: 
      Entry 3: count: 1000 hasNull: false min: -9208195729739635607 max: 9222259462014003839 positions: 
      Entry 4: count: 1000 hasNull: false min: -9174271499932339698 max: 9212277876771676916 positions: 
    Row group indices for column 3:
      Entry 0: count: 1000 hasNull: false min: Darkness, max: worst sum: 3923 positions: 
      Entry 1: count: 1000 hasNull: false min: Darkness, max: worst sum: 3869 positions: 
      Entry 2: count: 1000 hasNull: false min: Darkness, max: worst sum: 3817 positions: 
      Entry 3: count: 1000 hasNull: false min: Darkness, max: worst sum: 3931 positions: 
      Entry 4: count: 1000 hasNull: false min: Darkness, max: worst sum: 3964 positions: 
  Stripe: offset: 128143 data: 63700 rows: 5000 tail: 77 index: 325
    Stream: column 0 section ROW_INDEX start: 128143 length 17
    Stream: column 1 section ROW_INDEX start: 128160 length 124
    Stream: column 2 section ROW_INDEX start: 128284 length 131
    Stream: column 3 section ROW_INDEX start: 128415 length 53
    Stream: column 3 section DICTIONARY_DATA start: 128468 length 133
    Stream: column 3 section DICTIONARY_LENGTH start: 128601 length 23
    Stream: column 1 section DATA start: 128624 length 20035
    Stream: column 2 section DATA start: 148659 length 40050
    Stream: column 3 section DATA start: 188709 length 3459
    Encoding column 0: DIRECT
    Encoding column 1: DIRECT_V2
    Encoding column 2: DIRECT_V2
    Encoding column 3: DICTIONARY_V2[35]
    Row group indices for column 1:
      Entry 0: count: 1000 hasNull: false min: -2146993718 max: 2144179881 sum: -7829543271 positions: 
      Entry 1: count: 1000 hasNull: false min: -2144095505 max: 2144883384 sum: 51623839692 positions: 
      Entry 2: count: 1000 hasNull: false min: -2144113995 max: 2143773575 sum: 56574412741 positions: 
      Entry 3: count: 1000 hasNull: false min: -2146954065 max: 2146794873 sum: 4336083432 positions: 
      Entry 4: count: 1000 hasNull: false min: -2135511523 max: 2147378179 sum: 27955949957 positions: 
    Row group indices for column 2:
      Entry 0: count: 1000 hasNull: false min: -9211978436552246208 max: 9179058898902097152 positions: 
      Entry 1: count: 1000 hasNull: false min: -9195645160817780503 max: 9189147759444307708 positions: 
      Entry 2: count: 1000 hasNull: false min: -9202888157616520823 max: 9193561362676960747 positions: 
      Entry 3: count: 1000 hasNull: false min: -9216318198067839390 max: 9221286760675829363 positions: 
      Entry 4: count: 1000 hasNull: false min: -9218342074710552826 max: 9222303228623055266 positions: 
    Row group indices for column 3:
      Entry 0: count: 1000 hasNull: false min: Darkness, max: worst sum: 3817 positions: 
      Entry 1: count: 1000 hasNull: false min: Darkness, max: worst sum: 4008 positions: 
      Entry 2: count: 1000 hasNull: false min: Darkness, max: worst sum: 3999 positions: 
      Entry 3: count: 1000 hasNull: false min: Darkness, max: worst sum: 3817 positions: 
      Entry 4: count: 1000 hasNull: false min: Darkness, max: worst sum: 4000 positions: 
  Stripe: offset: 192245 data: 63749 rows: 5000 tail: 77 index: 329
    Stream: column 0 section ROW_INDEX start: 192245 length 17
    Stream: column 1 section ROW_INDEX start: 192262 length 127
    Stream: column 2 section ROW_INDEX start: 192389 length 130
    Stream: column 3 section ROW_INDEX start: 192519 length 55
    Stream: column 3 section DICTIONARY_DATA start: 192574 length 134
    Stream: column 3 section DICTIONARY_LENGTH start: 192708 length 23
    Stream: column 1 section DATA start: 192731 length 20035
    Stream: column 2 section DATA start: 212766 length 40050
    Stream: column 3 section DATA start: 252816 length 3507
    Encoding column 0: DIRECT
    Encoding column 1: DIRECT_V2
    Encoding column 2: DIRECT_V2
    Encoding column 3: DICTIONARY_V2[35]
    Row group indices for column 1:
      Entry 0: count: 1000 hasNull: false min: -2141355639 max: 2145520931 sum: 2726719912 positions: 
      Entry 1: count: 1000 hasNull: false min: -2138324170 max: 2140167376 sum: -23606674002 positions: 
      Entry 2: count: 1000 hasNull: false min: -2146658006 max: 2144329742 sum: -41530109703 positions: 
      Entry 3: count: 1000 hasNull: false min: -2144207593 max: 2139456355 sum: 13559842458 positions: 
      Entry 4: count: 1000 hasNull: false min: -2145744719 max: 2145417153 sum: 57383770571 positions: 
    Row group indices for column 2:
      Entry 0: count: 1000 hasNull: false min: -9222731174895935707 max: 9214167447015056056 positions: 
      Entry 1: count: 1000 hasNull: false min: -9222758097219661129 max: 9221043130193737406 positions: 
      Entry 2: count: 1000 hasNull: false min: -9174483776261243438 max: 9208134757538374043 positions: 
      Entry 3: count: 1000 hasNull: false min: -9174329712613510612 max: 9197412874152820822 positions: 
      Entry 4: count: 1000 hasNull: false min: -9221162005892422758 max: 9220625004936875965 positions: 
    Row group indices for column 3:
      Entry 0: count: 1000 hasNull: false min: Darkness, max: worst sum: 3901 positions: 
      Entry 1: count: 1000 hasNull: false min: Darkness, max: worst sum: 3900 positions: 
      Entry 2: count: 1000 hasNull: false min: Darkness, max: worst sum: 3909 positions: 
      Entry 3: count: 1000 hasNull: false min: Darkness, max: worst sum: 3947 positions: 
      Entry 4: count: 1000 hasNull: false min: Darkness, max: worst sum: 3813 positions: 
  Stripe: offset: 256400 data: 12920 rows: 1000 tail: 72 index: 116
    Stream: column 0 section ROW_INDEX start: 256400 length 12
    Stream: column 1 section ROW_INDEX start: 256412 length 33
    Stream: column 2 section ROW_INDEX start: 256445 length 36
    Stream: column 3 section ROW_INDEX start: 256481 length 35
    Stream: column 3 section DICTIONARY_DATA start: 256516 length 135
    Stream: column 3 section DICTIONARY_LENGTH start: 256651 length 25
    Stream: column 1 section DATA start: 256676 length 4007
    Stream: column 2 section DATA start: 260683 length 8010
    Stream: column 3 section DATA start: 268693 length 743
    Encoding column 0: DIRECT
    Encoding column 1: DIRECT_V2
    Encoding column 2: DIRECT_V2
    Encoding column 3: DICTIONARY_V2[35]
    Row group indices for column 1:
      Entry 0: count: 1000 hasNull: false min: -2146245500 max: 2146378640 sum: 51299706363 positions: 
    Row group indices for column 2:
      Entry 0: count: 1000 hasNull: false min: -9208193203370316142 max: 9218567213558056476 positions: 
    Row group indices for column 3:
      Entry 0: count: 1000 hasNull: false min: Darkness, max: worst sum: 3866 positions: 

File length: 270124 bytes
Padding length: 0 bytes
Padding ratio: 0%

User Metadata:
  hive.acid.key.index=1,1,1;2,3,5;
  some.user.property=foo#bar$baz&
________________________________________________________________________________________________________________________

